[react-plugin]: Detected build tool: vite
[react-plugin]: Detected Vite configuration file
[36m[1m[36mℹ[39m[36m[22m [39mPlugin : "zcatalyst-cli-plugin-react" is used for client deploy
[36m[1m[36mℹ[39m[36m[22m [39mBuilding Application...
[react-plugin]: Creating an optimized production build with Vite...
(node:4212) [DEP0190] DeprecationWarning: Passing args to a child process with shell option true can lead to security vulnerabilities, as the arguments are not escaped, only concatenated.
(Use `node --trace-deprecation ...` to show where the warning was created)
[36mvite v8.1.5 [32mbuilding client environment for production...[36m[39m
[2Ktransforming...✓ 2392 modules transformed.
rendering chunks...
computing gzip size...
dist/index.html                   1.15 kB │ gzip:   0.64 kB
dist/assets/index-CvoT1eE1.css   37.30 kB │ gzip:   6.83 kB
dist/assets/index-Dgz7-yPU.js   704.25 kB │ gzip: 203.56 kB

[33m[plugin builtin:vite-reporter] 
(!) Some chunks are larger than 500 kB after minification. Consider:
- Using dynamic import() to code-split the application
- Use build.rolldownOptions.output.codeSplitting to improve chunking: https://rolldown.rs/reference/OutputOptions.codeSplitting
- Adjust chunk size limit for this warning via build.chunkSizeWarningLimit.[39m
[31m✗[39m Build failed in 1.15s
[31merror during build:
[31mBuild failed with 1 error:

Error: [vite]: Rolldown failed to resolve import "@google/generative-ai" from "C:/Users/krish/healthconnect-pro/client/src/components/GeminiWidget.tsx".
This is most likely unintended because it can break your application at runtime.
If you do want to externalize this module explicitly add it to
`build.rolldownOptions.external`
    at viteLog (file:///C:/Users/krish/healthconnect-pro/client/node_modules/vite/dist/node/chunks/node.js:33154:57)
    at file:///C:/Users/krish/healthconnect-pro/client/node_modules/vite/dist/node/chunks/node.js:33190:71
    at onwarn (file:///C:/Users/krish/healthconnect-pro/client/node_modules/@vitejs/plugin-react/dist/index.js:40:7)
    at file:///C:/Users/krish/healthconnect-pro/client/node_modules/vite/dist/node/chunks/node.js:33190:28
    at onRollupLog (file:///C:/Users/krish/healthconnect-pro/client/node_modules/vite/dist/node/chunks/node.js:33185:63)
    at onLog (file:///C:/Users/krish/healthconnect-pro/client/node_modules/vite/dist/node/chunks/node.js:32953:4)
    at file:///C:/Users/krish/healthconnect-pro/client/node_modules/rolldown/dist/shared/rolldown-build-CtPvmZgJ.mjs:50:26
    at logger (file:///C:/Users/krish/healthconnect-pro/client/node_modules/rolldown/dist/shared/rolldown-build-CtPvmZgJ.mjs:41:3)[31m
    at aggregateBindingErrorsIntoJsError (file:///C:/Users/krish/healthconnect-pro/client/node_modules/rolldown/dist/shared/error-BHRSI0R7.mjs:48:18)
    at unwrapBindingResult (file:///C:/Users/krish/healthconnect-pro/client/node_modules/rolldown/dist/shared/error-BHRSI0R7.mjs:18:128)
    at #build (file:///C:/Users/krish/healthconnect-pro/client/node_modules/rolldown/dist/shared/rolldown-build-CtPvmZgJ.mjs:3276:34)
    at async buildEnvironment (file:///C:/Users/krish/healthconnect-pro/client/node_modules/vite/dist/node/chunks/node.js:33061:66)
    at async Object.build (file:///C:/Users/krish/healthconnect-pro/client/node_modules/vite/dist/node/chunks/node.js:33483:19)
    at async Object.buildApp (file:///C:/Users/krish/healthconnect-pro/client/node_modules/vite/dist/node/chunks/node.js:33480:153)
    at async CAC.<anonymous> (file:///C:/Users/krish/healthconnect-pro/client/node_modules/vite/dist/node/cli.js:776:3) {
  errors: [Getter/Setter]
}[39m
[react-plugin]: Build failed:
[react-plugin]: Vite build exited with code 1
[33m[1m[33m⚠[39m[33m[22m client: [39mVite build exited with code 1

[31m[1m[31m✖[39m[31m[22m client: [39mdeploy skipped

[31m[1m[31m✖[39m[31m[22m [39mNo components deployed!

[31m[1m[31m✖[39m[31m[22m [39mVite build exited with code 1
