[2026-07-30 10:45:45.794 PM] [34mdebug[39m:    
[2026-07-30 10:45:45.842 PM] [34mdebug[39m:    ----------------------------------------------------------------------
[2026-07-30 10:45:45.842 PM] [34mdebug[39m:    [1mCommand:      [22mC:\Program Files\nodejs\node.exe C:\Users\krish\AppData\Roaming\npm\node_modules\zcatalyst-cli\lib\bin\catalyst.js deploy --only client --verbose
[2026-07-30 10:45:45.843 PM] [34mdebug[39m:    [1mCLI Version:  [22m1.27.0
[2026-07-30 10:45:45.843 PM] [34mdebug[39m:    [1mPlatform:     [22mwin32
[2026-07-30 10:45:45.843 PM] [34mdebug[39m:    [1mNode Version: [22mv24.18.0
[2026-07-30 10:45:45.844 PM] [34mdebug[39m:    [1mTime:         [22mThu Jul 30 2026 22:45:45 GMT+0530 (India Standard Time)
[2026-07-30 10:45:45.844 PM] [34mdebug[39m:    ----------------------------------------------------------------------
[2026-07-30 10:45:45.844 PM] [34mdebug[39m:    
[2026-07-30 10:45:47.113 PM] [34mdebug[39m:    > authorizing via signed-in user option
[2026-07-30 10:45:47.114 PM] [34mdebug[39m:    > command requires scopes: ["ZohoCatalyst.projects.ALL","ZohoCatalyst.functions.ALL","ZohoCatalyst.webapp.ALL","ZohoCatalyst.appsail.Update"]
[2026-07-30 10:45:47.237 PM] [34mdebug[39m:    >>>> HTTP REQUEST : GET https://api.catalyst.zoho.in/baas/v1/project/59526000000016004 

[2026-07-30 10:45:47.486 PM] [34mdebug[39m:    <<<< HTTP RESPONSE : 200
Response Headers: {"server":"ZGS","date":"Thu, 30 Jul 2026 17:15:47 GMT","content-type":"application/vnd.catalyst.v2+json","transfer-encoding":"chunked","connection":"keep-alive","x-content-type-options":"nosniff","cache-control":"private,no-cache,no-store,max-age=0,must-revalidate","pragma":"no-cache","expires":"Thu, 01 Jan 1970 00:00:00 GMT","x-frame-options":"DENY","strict-transport-security":"max-age=64072000; includeSubDomains; preload"}

[2026-07-30 10:45:47.491 PM] [34mdebug[39m:    >>>> HTTP REQUEST : GET https://api.catalyst.zoho.in/baas/v1/project/59526000000016004/environment 

[2026-07-30 10:45:47.633 PM] [34mdebug[39m:    <<<< HTTP RESPONSE : 200
Response Headers: {"server":"ZGS","date":"Thu, 30 Jul 2026 17:15:47 GMT","content-type":"application/vnd.catalyst.v2+json","transfer-encoding":"chunked","connection":"keep-alive","x-content-type-options":"nosniff","cache-control":"private,no-cache,no-store,max-age=0,must-revalidate","pragma":"no-cache","expires":"Thu, 01 Jan 1970 00:00:00 GMT","x-frame-options":"DENY","strict-transport-security":"max-age=64072000; includeSubDomains; preload"}

[2026-07-30 10:45:47.652 PM] [34mdebug[39m:    Error: Cannot find module 'fs-extra'
Require stack:
- C:\Users\krish\healthconnect-pro\client\node_modules\zcatalyst-cli-plugin-react\lib\adapters\vite-adapter.js
- C:\Users\krish\healthconnect-pro\client\node_modules\zcatalyst-cli-plugin-react\lib\index.js
- C:\Users\krish\AppData\Roaming\npm\node_modules\zcatalyst-cli\lib\optional-import.js
- C:\Users\krish\AppData\Roaming\npm\node_modules\zcatalyst-cli\lib\plugin-loader.js
- C:\Users\krish\AppData\Roaming\npm\node_modules\zcatalyst-cli\lib\client-utils.js
- C:\Users\krish\AppData\Roaming\npm\node_modules\zcatalyst-cli\lib\commands\iac\pack.js
- C:\Users\krish\AppData\Roaming\npm\node_modules\zcatalyst-cli\lib\commands\index.js
- C:\Users\krish\AppData\Roaming\npm\node_modules\zcatalyst-cli\lib\client.js
- C:\Users\krish\AppData\Roaming\npm\node_modules\zcatalyst-cli\lib\index.js
- C:\Users\krish\AppData\Roaming\npm\node_modules\zcatalyst-cli\lib\bin\catalyst.js
    at Module._resolveFilename (node:internal/modules/cjs/loader:1517:15)
    at wrapResolveFilename (node:internal/modules/cjs/loader:1071:27)
    at defaultResolveImplForCJSLoading (node:internal/modules/cjs/loader:1095:10)
    at resolveForCJSWithHooks (node:internal/modules/cjs/loader:1122:12)
    at Module._load (node:internal/modules/cjs/loader:1294:5)
    at wrapModuleLoad (node:internal/modules/cjs/loader:255:19)
    at Module.require (node:internal/modules/cjs/loader:1617:12)
    at require (node:internal/modules/helpers:153:16)
    at Object.<anonymous> (C:\Users\krish\healthconnect-pro\client\node_modules\zcatalyst-cli-plugin-react\lib\adapters\vite-adapter.js:6:12)
    at Module._compile (node:internal/modules/cjs/loader:1871:14) {
  code: 'MODULE_NOT_FOUND',
  requireStack: [
    'C:\\Users\\krish\\healthconnect-pro\\client\\node_modules\\zcatalyst-cli-plugin-react\\lib\\adapters\\vite-adapter.js',
    'C:\\Users\\krish\\healthconnect-pro\\client\\node_modules\\zcatalyst-cli-plugin-react\\lib\\index.js',
    'C:\\Users\\krish\\AppData\\Roaming\\npm\\node_modules\\zcatalyst-cli\\lib\\optional-import.js',
    'C:\\Users\\krish\\AppData\\Roaming\\npm\\node_modules\\zcatalyst-cli\\lib\\plugin-loader.js',
    'C:\\Users\\krish\\AppData\\Roaming\\npm\\node_modules\\zcatalyst-cli\\lib\\client-utils.js',
    'C:\\Users\\krish\\AppData\\Roaming\\npm\\node_modules\\zcatalyst-cli\\lib\\commands\\iac\\pack.js',
    'C:\\Users\\krish\\AppData\\Roaming\\npm\\node_modules\\zcatalyst-cli\\lib\\commands\\index.js',
    'C:\\Users\\krish\\AppData\\Roaming\\npm\\node_modules\\zcatalyst-cli\\lib\\client.js',
    'C:\\Users\\krish\\AppData\\Roaming\\npm\\node_modules\\zcatalyst-cli\\lib\\index.js',
    'C:\\Users\\krish\\AppData\\Roaming\\npm\\node_modules\\zcatalyst-cli\\lib\\bin\\catalyst.js'
  ]
}
[2026-07-30 10:45:47.655 PM] [34mdebug[39m:    Error: Cannot find module 'fs-extra'
Require stack:
- C:\Users\krish\healthconnect-pro\client\node_modules\zcatalyst-cli-plugin-react\lib\adapters\vite-adapter.js
- C:\Users\krish\healthconnect-pro\client\node_modules\zcatalyst-cli-plugin-react\lib\index.js
- C:\Users\krish\AppData\Roaming\npm\node_modules\zcatalyst-cli\lib\optional-import.js
- C:\Users\krish\AppData\Roaming\npm\node_modules\zcatalyst-cli\lib\plugin-loader.js
- C:\Users\krish\AppData\Roaming\npm\node_modules\zcatalyst-cli\lib\client-utils.js
- C:\Users\krish\AppData\Roaming\npm\node_modules\zcatalyst-cli\lib\commands\iac\pack.js
- C:\Users\krish\AppData\Roaming\npm\node_modules\zcatalyst-cli\lib\commands\index.js
- C:\Users\krish\AppData\Roaming\npm\node_modules\zcatalyst-cli\lib\client.js
- C:\Users\krish\AppData\Roaming\npm\node_modules\zcatalyst-cli\lib\index.js
- C:\Users\krish\AppData\Roaming\npm\node_modules\zcatalyst-cli\lib\bin\catalyst.js
    at Module._resolveFilename (node:internal/modules/cjs/loader:1517:15)
    at wrapResolveFilename (node:internal/modules/cjs/loader:1071:27)
    at defaultResolveImplForCJSLoading (node:internal/modules/cjs/loader:1095:10)
    at resolveForCJSWithHooks (node:internal/modules/cjs/loader:1122:12)
    at Module._load (node:internal/modules/cjs/loader:1294:5)
    at wrapModuleLoad (node:internal/modules/cjs/loader:255:19)
    at Module.require (node:internal/modules/cjs/loader:1617:12)
    at require (node:internal/modules/helpers:153:16)
    at Object.<anonymous> (C:\Users\krish\healthconnect-pro\client\node_modules\zcatalyst-cli-plugin-react\lib\adapters\vite-adapter.js:6:12)
    at Module._compile (node:internal/modules/cjs/loader:1871:14) {
  code: 'MODULE_NOT_FOUND',
  requireStack: [
    'C:\\Users\\krish\\healthconnect-pro\\client\\node_modules\\zcatalyst-cli-plugin-react\\lib\\adapters\\vite-adapter.js',
    'C:\\Users\\krish\\healthconnect-pro\\client\\node_modules\\zcatalyst-cli-plugin-react\\lib\\index.js',
    'C:\\Users\\krish\\AppData\\Roaming\\npm\\node_modules\\zcatalyst-cli\\lib\\optional-import.js',
    'C:\\Users\\krish\\AppData\\Roaming\\npm\\node_modules\\zcatalyst-cli\\lib\\plugin-loader.js',
    'C:\\Users\\krish\\AppData\\Roaming\\npm\\node_modules\\zcatalyst-cli\\lib\\client-utils.js',
    'C:\\Users\\krish\\AppData\\Roaming\\npm\\node_modules\\zcatalyst-cli\\lib\\commands\\iac\\pack.js',
    'C:\\Users\\krish\\AppData\\Roaming\\npm\\node_modules\\zcatalyst-cli\\lib\\commands\\index.js',
    'C:\\Users\\krish\\AppData\\Roaming\\npm\\node_modules\\zcatalyst-cli\\lib\\client.js',
    'C:\\Users\\krish\\AppData\\Roaming\\npm\\node_modules\\zcatalyst-cli\\lib\\index.js',
    'C:\\Users\\krish\\AppData\\Roaming\\npm\\node_modules\\zcatalyst-cli\\lib\\bin\\catalyst.js'
  ]
}
